LIBEKALINE2_1.0	{
		global:
		    
		        efcInit;
			efcEnableController;
			efcEnableFiringOnSec;
			getSecCtxHandle;
			efcSetStaticSecCtx;
			efcSetDynamicSecCtx;
			efcSetSesCtx;
			efcSetGroupSesCtx;
			efcRun;
			efcSetFireTemplate;
                        efcCmeFastCancelInit;
                        efcCmeSend;
                        efcCmeSetILinkAppseq;
			efhInit;
			efcInitStrategy;
                        efcItchFastSweepInit;
			efcClose;
			efhGetSupportedParams;
			efhGetDefs;
			efhSubscribeStatic;
			efhSubscribeDynamic;
			efhSetTradeTimeCtx;
			efhRunGroups;
			ekaGetCapsResult;
			excInit;
			excGetSessionId;
			excGetCoreId;
			excSocket;
			excSocketClose;
			excConnect;
			excReconnect;
			excSend;
			excRecv;
			excClose;
			excPoll;
			excGetSockOpt;
			excSetSockOpt;
			excIoctl;
			excGetSockName;
			excGetPeerName;
			excGetBlocking;
			excSetBlocking;
			excShutdown;
			ekaClose;
   			efhMonitorFhGroupState;
			efcPrintFireReport;
			efhStopGroups;
			ekaDevInit;
			ekaDevClose;
			ekaDevConfigurePort;	
			efhDestroy;

			excUdpConnect;

			epmGetDeviceCapability;		
			epmInitStrategies;
			epmEnableController;
			epmSetAction;
			epmGetAction;
			epmPayloadHeapCopy;
			epmGetStrategyEnableBits;
			epmSetStrategyEnableBits;
			epmRaiseTriggers;
		local:
			*;
		};

